C:\Users\karun\Downloads\Bhojpurri-main\Bhojpurri-main\src\main\java\com\bhojpurri\MainApp.java
C:\Users\karun\Downloads\Bhojpurri-main\Bhojpurri-main\src\main\java\com\bhojpurri\AudioPlayer.java
C:\Users\karun\Downloads\Bhojpurri-main\Bhojpurri-main\src\main\java\com\bhojpurri\BilluUI.java
C:\Users\karun\Downloads\Bhojpurri-main\Bhojpurri-main\src\main\java\com\bhojpurri\TestSpeechify.java
C:\Users\karun\Downloads\Bhojpurri-main\Bhojpurri-main\src\main\java\com\bhojpurri\DatabaseManager.java
C:\Users\karun\Downloads\Bhojpurri-main\Bhojpurri-main\src\main\java\com\bhojpurri\TestDatabase.java
C:\Users\karun\Downloads\Bhojpurri-main\Bhojpurri-main\src\main\java\com\bhojpurri\CatAnimator.java
C:\Users\karun\Downloads\Bhojpurri-main\Bhojpurri-main\src\main\java\com\bhojpurri\Translator.java
C:\Users\karun\Downloads\Bhojpurri-main\Bhojpurri-main\src\main\java\com\bhojpurri\SpeechRecorder.java
C:\Users\karun\Downloads\Bhojpurri-main\Bhojpurri-main\src\main\java\com\bhojpurri\TestRecording.java
C:\Users\karun\Downloads\Bhojpurri-main\Bhojpurri-main\src\main\java\com\bhojpurri\EnvLoader.java
C:\Users\karun\Downloads\Bhojpurri-main\Bhojpurri-main\src\main\java\com\bhojpurri\TTSManager.java
